  Determining projects to restore...
  All projects are up-to-date for restore.
  ExpressionBuilderLib -> C:\Users\Rami\source\repos\AlAshmar2\ExpressionBuilderLib\bin\Debug\net10.0\ExpressionBuilderLib.dll
  AlAshmar.Domain -> C:\Users\Rami\source\repos\AlAshmar2\AlAshmar.Domain\bin\Debug\net10.0\AlAshmar.Domain.dll
  PdfGenerator -> C:\Users\Rami\source\repos\AlAshmar2\PdfGenerator\bin\Debug\net10.0\PdfGenerator.dll
  FileManager -> C:\Users\Rami\source\repos\AlAshmar2\FileManager\bin\Debug\net10.0\FileManager.dll
  AlAshmar.Application -> C:\Users\Rami\source\repos\AlAshmar2\AlAshmar.Application\bin\Debug\net10.0\AlAshmar.Application.dll
  AlAshmar.Infrastructure.Persistence -> C:\Users\Rami\source\repos\AlAshmar2\AlAshmar.Infrastructure.Persistence\bin\Debug\net10.0\AlAshmar.Infrastructure.Persistence.dll
C:\Users\Rami\source\repos\AlAshmar2\AlAshmar.Infrastructure\HandlerRegistration.cs(17,40): error CS0246: The type or namespace name 'IQueryHandler<,>' could not be found (are you missing a using directive or an assembly reference?) [C:\Users\Rami\source\repos\AlAshmar2\AlAshmar.Infrastructure\AlAshmar.Infrastructure.csproj]
C:\Users\Rami\source\repos\AlAshmar2\AlAshmar.Infrastructure\HandlerRegistration.cs(22,60): error CS0246: The type or namespace name 'IQueryHandler<,>' could not be found (are you missing a using directive or an assembly reference?) [C:\Users\Rami\source\repos\AlAshmar2\AlAshmar.Infrastructure\AlAshmar.Infrastructure.csproj]
C:\Users\Rami\source\repos\AlAshmar2\AlAshmar.Infrastructure\HandlerRegistration.cs(31,42): error CS0246: The type or namespace name 'ICommandHandler<>' could not be found (are you missing a using directive or an assembly reference?) [C:\Users\Rami\source\repos\AlAshmar2\AlAshmar.Infrastructure\AlAshmar.Infrastructure.csproj]
C:\Users\Rami\source\repos\AlAshmar2\AlAshmar.Infrastructure\HandlerRegistration.cs(36,60): error CS0246: The type or namespace name 'ICommandHandler<,>' could not be found (are you missing a using directive or an assembly reference?) [C:\Users\Rami\source\repos\AlAshmar2\AlAshmar.Infrastructure\AlAshmar.Infrastructure.csproj]
C:\Users\Rami\source\repos\AlAshmar2\AlAshmar.Infrastructure\HandlerRegistration.cs(52,23): error CS0246: The type or namespace name 'IQueryHandler<,>' could not be found (are you missing a using directive or an assembly reference?) [C:\Users\Rami\source\repos\AlAshmar2\AlAshmar.Infrastructure\AlAshmar.Infrastructure.csproj]
C:\Users\Rami\source\repos\AlAshmar2\AlAshmar.Infrastructure\HandlerRegistration.cs(56,60): error CS0246: The type or namespace name 'IQueryHandler<,>' could not be found (are you missing a using directive or an assembly reference?) [C:\Users\Rami\source\repos\AlAshmar2\AlAshmar.Infrastructure\AlAshmar.Infrastructure.csproj]
C:\Users\Rami\source\repos\AlAshmar2\AlAshmar.Infrastructure\HandlerRegistration.cs(59,23): error CS0246: The type or namespace name 'ICommandHandler<>' could not be found (are you missing a using directive or an assembly reference?) [C:\Users\Rami\source\repos\AlAshmar2\AlAshmar.Infrastructure\AlAshmar.Infrastructure.csproj]
C:\Users\Rami\source\repos\AlAshmar2\AlAshmar.Infrastructure\HandlerRegistration.cs(63,60): error CS0246: The type or namespace name 'ICommandHandler<,>' could not be found (are you missing a using directive or an assembly reference?) [C:\Users\Rami\source\repos\AlAshmar2\AlAshmar.Infrastructure\AlAshmar.Infrastructure.csproj]

Build FAILED.

C:\Users\Rami\source\repos\AlAshmar2\AlAshmar.Infrastructure\HandlerRegistration.cs(17,40): error CS0246: The type or namespace name 'IQueryHandler<,>' could not be found (are you missing a using directive or an assembly reference?) [C:\Users\Rami\source\repos\AlAshmar2\AlAshmar.Infrastructure\AlAshmar.Infrastructure.csproj]
C:\Users\Rami\source\repos\AlAshmar2\AlAshmar.Infrastructure\HandlerRegistration.cs(22,60): error CS0246: The type or namespace name 'IQueryHandler<,>' could not be found (are you missing a using directive or an assembly reference?) [C:\Users\Rami\source\repos\AlAshmar2\AlAshmar.Infrastructure\AlAshmar.Infrastructure.csproj]
C:\Users\Rami\source\repos\AlAshmar2\AlAshmar.Infrastructure\HandlerRegistration.cs(31,42): error CS0246: The type or namespace name 'ICommandHandler<>' could not be found (are you missing a using directive or an assembly reference?) [C:\Users\Rami\source\repos\AlAshmar2\AlAshmar.Infrastructure\AlAshmar.Infrastructure.csproj]
C:\Users\Rami\source\repos\AlAshmar2\AlAshmar.Infrastructure\HandlerRegistration.cs(36,60): error CS0246: The type or namespace name 'ICommandHandler<,>' could not be found (are you missing a using directive or an assembly reference?) [C:\Users\Rami\source\repos\AlAshmar2\AlAshmar.Infrastructure\AlAshmar.Infrastructure.csproj]
C:\Users\Rami\source\repos\AlAshmar2\AlAshmar.Infrastructure\HandlerRegistration.cs(52,23): error CS0246: The type or namespace name 'IQueryHandler<,>' could not be found (are you missing a using directive or an assembly reference?) [C:\Users\Rami\source\repos\AlAshmar2\AlAshmar.Infrastructure\AlAshmar.Infrastructure.csproj]
C:\Users\Rami\source\repos\AlAshmar2\AlAshmar.Infrastructure\HandlerRegistration.cs(56,60): error CS0246: The type or namespace name 'IQueryHandler<,>' could not be found (are you missing a using directive or an assembly reference?) [C:\Users\Rami\source\repos\AlAshmar2\AlAshmar.Infrastructure\AlAshmar.Infrastructure.csproj]
C:\Users\Rami\source\repos\AlAshmar2\AlAshmar.Infrastructure\HandlerRegistration.cs(59,23): error CS0246: The type or namespace name 'ICommandHandler<>' could not be found (are you missing a using directive or an assembly reference?) [C:\Users\Rami\source\repos\AlAshmar2\AlAshmar.Infrastructure\AlAshmar.Infrastructure.csproj]
C:\Users\Rami\source\repos\AlAshmar2\AlAshmar.Infrastructure\HandlerRegistration.cs(63,60): error CS0246: The type or namespace name 'ICommandHandler<,>' could not be found (are you missing a using directive or an assembly reference?) [C:\Users\Rami\source\repos\AlAshmar2\AlAshmar.Infrastructure\AlAshmar.Infrastructure.csproj]
    0 Warning(s)
    8 Error(s)

Time Elapsed 00:00:01.65
